<!doctype html>
<html>
<head>
  <meta charset="utf-8" />
  <title>CDC Harness Report</title>
  <style>
    body { font-family: system-ui, sans-serif; margin: 24px; background: #0f1729; color: #e2e8f0; }
    main { max-width: 720px; margin: 0 auto; background: rgba(15, 23, 42, 0.8); padding: 24px; border-radius: 16px; }
    h1 { margin-top: 0; }
    .status { font-weight: 700; color: #15803d; }
    dl { display: grid; grid-template-columns: max-content 1fr; gap: 8px 24px; }
    dt { font-weight: 600; }
    .issues { margin-top: 16px; }
  </style>
</head>
<body>
  <main>
    <h1>Harness Verification</h1>
    <p class="status">Status: PASS</p>
    <dl>
      <dt>Total events</dt><dd>12</dd>
      <dt>Deletes</dt><dd>1 / 1</dd>
      <dt>Ordering OK</dt><dd>yes</dd>
      <dt>Missing</dt><dd>0</dd>
      <dt>Extra</dt><dd>0</dd>
      <dt>Max lag</dt><dd>5 ms</dd>
    </dl>
    <section class="issues">
      <h2>Recent events (3)</h2>
      <ul>
        <li>C pk=R-101 ts=1200</li><li>U pk=R-101 ts=1350</li><li>D pk=R-101 ts=1500</li>
      </ul>
    </section>
  </main>
</body>
</html>
